// Jest Snapshot v1, https://goo.gl/fbAQLP

exports[`<Header /> Testing structure of the Header component 1`] = `
ShallowWrapper {
  "length": 1,
  Symbol(enzyme.__root__): [Circular],
  Symbol(enzyme.__unrendered__): <Header />,
  Symbol(enzyme.__renderer__): Object {
    "batchedUpdates": [Function],
    "getNode": [Function],
    "render": [Function],
    "simulateEvent": [Function],
    "unmount": [Function],
  },
  Symbol(enzyme.__node__): Object {
    "instance": null,
    "key": null,
    "nodeType": "host",
    "props": Object {
      "children": <div>
        <img
          height="50px"
          src="test-file-stub"
          width="50px"
        />
        <span>
          Cookbook application
        </span>
      </div>,
    },
    "ref": null,
    "rendered": Object {
      "instance": null,
      "key": null,
      "nodeType": "host",
      "props": Object {
        "children": Array [
          <img
            height="50px"
            src="test-file-stub"
            width="50px"
          />,
          <span>
            Cookbook application
          </span>,
        ],
      },
      "ref": null,
      "rendered": Array [
        Object {
          "instance": null,
          "key": null,
          "nodeType": "host",
          "props": Object {
            "height": "50px",
            "src": "test-file-stub",
            "width": "50px",
          },
          "ref": null,
          "rendered": null,
          "type": "img",
        },
        Object {
          "instance": null,
          "key": null,
          "nodeType": "host",
          "props": Object {
            "children": "Cookbook application",
          },
          "ref": null,
          "rendered": "Cookbook application",
          "type": "span",
        },
      ],
      "type": "div",
    },
    "type": "header",
  },
  Symbol(enzyme.__nodes__): Array [
    Object {
      "instance": null,
      "key": null,
      "nodeType": "host",
      "props": Object {
        "children": <div>
          <img
            height="50px"
            src="test-file-stub"
            width="50px"
          />
          <span>
            Cookbook application
          </span>
        </div>,
      },
      "ref": null,
      "rendered": Object {
        "instance": null,
        "key": null,
        "nodeType": "host",
        "props": Object {
          "children": Array [
            <img
              height="50px"
              src="test-file-stub"
              width="50px"
            />,
            <span>
              Cookbook application
            </span>,
          ],
        },
        "ref": null,
        "rendered": Array [
          Object {
            "instance": null,
            "key": null,
            "nodeType": "host",
            "props": Object {
              "height": "50px",
              "src": "test-file-stub",
              "width": "50px",
            },
            "ref": null,
            "rendered": null,
            "type": "img",
          },
          Object {
            "instance": null,
            "key": null,
            "nodeType": "host",
            "props": Object {
              "children": "Cookbook application",
            },
            "ref": null,
            "rendered": "Cookbook application",
            "type": "span",
          },
        ],
        "type": "div",
      },
      "type": "header",
    },
  ],
  Symbol(enzyme.__options__): Object {
    "adapter": ReactFifteenAdapter {
      "options": Object {
        "supportPrevContextArgumentOfComponentDidUpdate": true,
      },
    },
  },
}
`;
