// Jest Snapshot v1, https://goo.gl/fbAQLP

exports[`<Recipe /> testing handleLikesDislikes method of Recipe component 1`] = `
ShallowWrapper {
  "length": 1,
  Symbol(enzyme.__root__): [Circular],
  Symbol(enzyme.__unrendered__): <Recipe
    avatarURL=""
    desc="Preparation time: 30min, Difficulty: 3/5"
    dislikes={4}
    handleEditRecipe={[Function]}
    handleRemoveRecipe={[Function]}
    id={1}
    ingredients={
      Array [
        "one",
        "two",
        "three",
        "four",
        "five",
      ]
    }
    likes={4}
    procedure={
      Array [
        "step_one",
        "step_two",
        "step_three",
        "step_four",
        "step_five",
      ]
    }
    title="Spaghetti"
  />,
  Symbol(enzyme.__renderer__): Object {
    "batchedUpdates": [Function],
    "getNode": [Function],
    "render": [Function],
    "simulateEvent": [Function],
    "unmount": [Function],
  },
  Symbol(enzyme.__node__): Object {
    "instance": null,
    "key": null,
    "nodeType": "host",
    "props": Object {
      "children": Array [
        <img
          alt="Recipe default avatar"
          height="100px"
          src="test-file-stub"
          width="100px"
        />,
        <div>
          <h3>
            Spaghetti
          </h3>
          <p>
            Preparation time: 30min, Difficulty: 3/5
          </p>
        </div>,
        <div>
          <img
            alt="Like button"
            height="15px"
            name="likes"
            onClick={[Function]}
            src="test-file-stub"
            width="15px"
          />
          <span
            name="likes"
          >
            4
          </span>
          <img
            alt="Dislike button"
            height="15px"
            name="dislikes"
            onClick={[Function]}
            src="test-file-stub"
            width="15px"
          />
          <span
            name="dislikes"
          >
            4
          </span>
        </div>,
        <div>
          <button
            onClick={[Function]}
          >
            X
          </button>
        </div>,
        <ol>
          <li>
            one
          </li>
          <li>
            two
          </li>
          <li>
            three
          </li>
          <li>
            four
          </li>
          <li>
            five
          </li>
        </ol>,
        <div>
          <p>
            step_one
          </p>
          <p>
            step_two
          </p>
          <p>
            step_three
          </p>
          <p>
            step_four
          </p>
          <p>
            step_five
          </p>
        </div>,
        <NewRecipe
          avatarURL=""
          desc="Preparation time: 30min, Difficulty: 3/5"
          dislikes={4}
          handleRecipe={[Function]}
          ingredients={
            Array [
              "one",
              "two",
              "three",
              "four",
              "five",
            ]
          }
          likes={4}
          procedure={
            Array [
              "step_one",
              "step_two",
              "step_three",
              "step_four",
              "step_five",
            ]
          }
          show={true}
          title="Spaghetti"
        />,
      ],
    },
    "ref": null,
    "rendered": Array [
      Object {
        "instance": null,
        "key": null,
        "nodeType": "host",
        "props": Object {
          "alt": "Recipe default avatar",
          "height": "100px",
          "src": "test-file-stub",
          "width": "100px",
        },
        "ref": null,
        "rendered": null,
        "type": "img",
      },
      Object {
        "instance": null,
        "key": null,
        "nodeType": "host",
        "props": Object {
          "children": Array [
            <h3>
              Spaghetti
            </h3>,
            <p>
              Preparation time: 30min, Difficulty: 3/5
            </p>,
          ],
        },
        "ref": null,
        "rendered": Array [
          Object {
            "instance": null,
            "key": null,
            "nodeType": "host",
            "props": Object {
              "children": "Spaghetti",
            },
            "ref": null,
            "rendered": "Spaghetti",
            "type": "h3",
          },
          Object {
            "instance": null,
            "key": null,
            "nodeType": "host",
            "props": Object {
              "children": "Preparation time: 30min, Difficulty: 3/5",
            },
            "ref": null,
            "rendered": "Preparation time: 30min, Difficulty: 3/5",
            "type": "p",
          },
        ],
        "type": "div",
      },
      Object {
        "instance": null,
        "key": null,
        "nodeType": "host",
        "props": Object {
          "children": Array [
            <img
              alt="Like button"
              height="15px"
              name="likes"
              onClick={[Function]}
              src="test-file-stub"
              width="15px"
            />,
            <span
              name="likes"
            >
              4
            </span>,
            <img
              alt="Dislike button"
              height="15px"
              name="dislikes"
              onClick={[Function]}
              src="test-file-stub"
              width="15px"
            />,
            <span
              name="dislikes"
            >
              4
            </span>,
          ],
        },
        "ref": null,
        "rendered": Array [
          Object {
            "instance": null,
            "key": null,
            "nodeType": "host",
            "props": Object {
              "alt": "Like button",
              "height": "15px",
              "name": "likes",
              "onClick": [Function],
              "src": "test-file-stub",
              "width": "15px",
            },
            "ref": null,
            "rendered": null,
            "type": "img",
          },
          Object {
            "instance": null,
            "key": null,
            "nodeType": "host",
            "props": Object {
              "children": 4,
              "name": "likes",
            },
            "ref": null,
            "rendered": 4,
            "type": "span",
          },
          Object {
            "instance": null,
            "key": null,
            "nodeType": "host",
            "props": Object {
              "alt": "Dislike button",
              "height": "15px",
              "name": "dislikes",
              "onClick": [Function],
              "src": "test-file-stub",
              "width": "15px",
            },
            "ref": null,
            "rendered": null,
            "type": "img",
          },
          Object {
            "instance": null,
            "key": null,
            "nodeType": "host",
            "props": Object {
              "children": 4,
              "name": "dislikes",
            },
            "ref": null,
            "rendered": 4,
            "type": "span",
          },
        ],
        "type": "div",
      },
      Object {
        "instance": null,
        "key": null,
        "nodeType": "host",
        "props": Object {
          "children": <button
            onClick={[Function]}
          >
            X
          </button>,
        },
        "ref": null,
        "rendered": Object {
          "instance": null,
          "key": null,
          "nodeType": "host",
          "props": Object {
            "children": "X",
            "onClick": [Function],
          },
          "ref": null,
          "rendered": "X",
          "type": "button",
        },
        "type": "div",
      },
      Object {
        "instance": null,
        "key": null,
        "nodeType": "host",
        "props": Object {
          "children": Array [
            <li>
              one
            </li>,
            <li>
              two
            </li>,
            <li>
              three
            </li>,
            <li>
              four
            </li>,
            <li>
              five
            </li>,
          ],
        },
        "ref": null,
        "rendered": Array [
          Object {
            "instance": null,
            "key": "0",
            "nodeType": "host",
            "props": Object {
              "children": "one",
            },
            "ref": null,
            "rendered": "one",
            "type": "li",
          },
          Object {
            "instance": null,
            "key": "1",
            "nodeType": "host",
            "props": Object {
              "children": "two",
            },
            "ref": null,
            "rendered": "two",
            "type": "li",
          },
          Object {
            "instance": null,
            "key": "2",
            "nodeType": "host",
            "props": Object {
              "children": "three",
            },
            "ref": null,
            "rendered": "three",
            "type": "li",
          },
          Object {
            "instance": null,
            "key": "3",
            "nodeType": "host",
            "props": Object {
              "children": "four",
            },
            "ref": null,
            "rendered": "four",
            "type": "li",
          },
          Object {
            "instance": null,
            "key": "4",
            "nodeType": "host",
            "props": Object {
              "children": "five",
            },
            "ref": null,
            "rendered": "five",
            "type": "li",
          },
        ],
        "type": "ol",
      },
      Object {
        "instance": null,
        "key": null,
        "nodeType": "host",
        "props": Object {
          "children": Array [
            <p>
              step_one
            </p>,
            <p>
              step_two
            </p>,
            <p>
              step_three
            </p>,
            <p>
              step_four
            </p>,
            <p>
              step_five
            </p>,
          ],
        },
        "ref": null,
        "rendered": Array [
          Object {
            "instance": null,
            "key": "0",
            "nodeType": "host",
            "props": Object {
              "children": "step_one",
            },
            "ref": null,
            "rendered": "step_one",
            "type": "p",
          },
          Object {
            "instance": null,
            "key": "1",
            "nodeType": "host",
            "props": Object {
              "children": "step_two",
            },
            "ref": null,
            "rendered": "step_two",
            "type": "p",
          },
          Object {
            "instance": null,
            "key": "2",
            "nodeType": "host",
            "props": Object {
              "children": "step_three",
            },
            "ref": null,
            "rendered": "step_three",
            "type": "p",
          },
          Object {
            "instance": null,
            "key": "3",
            "nodeType": "host",
            "props": Object {
              "children": "step_four",
            },
            "ref": null,
            "rendered": "step_four",
            "type": "p",
          },
          Object {
            "instance": null,
            "key": "4",
            "nodeType": "host",
            "props": Object {
              "children": "step_five",
            },
            "ref": null,
            "rendered": "step_five",
            "type": "p",
          },
        ],
        "type": "div",
      },
      Object {
        "instance": null,
        "key": null,
        "nodeType": "class",
        "props": Object {
          "avatarURL": "",
          "desc": "Preparation time: 30min, Difficulty: 3/5",
          "dislikes": 4,
          "handleRecipe": [Function],
          "ingredients": Array [
            "one",
            "two",
            "three",
            "four",
            "five",
          ],
          "likes": 4,
          "procedure": Array [
            "step_one",
            "step_two",
            "step_three",
            "step_four",
            "step_five",
          ],
          "show": true,
          "title": "Spaghetti",
        },
        "ref": null,
        "rendered": null,
        "type": [Function],
      },
    ],
    "type": "div",
  },
  Symbol(enzyme.__nodes__): Array [
    Object {
      "instance": null,
      "key": null,
      "nodeType": "host",
      "props": Object {
        "children": Array [
          <img
            alt="Recipe default avatar"
            height="100px"
            src="test-file-stub"
            width="100px"
          />,
          <div>
            <h3>
              Spaghetti
            </h3>
            <p>
              Preparation time: 30min, Difficulty: 3/5
            </p>
          </div>,
          <div>
            <img
              alt="Like button"
              height="15px"
              name="likes"
              onClick={[Function]}
              src="test-file-stub"
              width="15px"
            />
            <span
              name="likes"
            >
              4
            </span>
            <img
              alt="Dislike button"
              height="15px"
              name="dislikes"
              onClick={[Function]}
              src="test-file-stub"
              width="15px"
            />
            <span
              name="dislikes"
            >
              4
            </span>
          </div>,
          <div>
            <button
              onClick={[Function]}
            >
              X
            </button>
          </div>,
          <ol>
            <li>
              one
            </li>
            <li>
              two
            </li>
            <li>
              three
            </li>
            <li>
              four
            </li>
            <li>
              five
            </li>
          </ol>,
          <div>
            <p>
              step_one
            </p>
            <p>
              step_two
            </p>
            <p>
              step_three
            </p>
            <p>
              step_four
            </p>
            <p>
              step_five
            </p>
          </div>,
          <NewRecipe
            avatarURL=""
            desc="Preparation time: 30min, Difficulty: 3/5"
            dislikes={4}
            handleRecipe={[Function]}
            ingredients={
              Array [
                "one",
                "two",
                "three",
                "four",
                "five",
              ]
            }
            likes={4}
            procedure={
              Array [
                "step_one",
                "step_two",
                "step_three",
                "step_four",
                "step_five",
              ]
            }
            show={true}
            title="Spaghetti"
          />,
        ],
      },
      "ref": null,
      "rendered": Array [
        Object {
          "instance": null,
          "key": null,
          "nodeType": "host",
          "props": Object {
            "alt": "Recipe default avatar",
            "height": "100px",
            "src": "test-file-stub",
            "width": "100px",
          },
          "ref": null,
          "rendered": null,
          "type": "img",
        },
        Object {
          "instance": null,
          "key": null,
          "nodeType": "host",
          "props": Object {
            "children": Array [
              <h3>
                Spaghetti
              </h3>,
              <p>
                Preparation time: 30min, Difficulty: 3/5
              </p>,
            ],
          },
          "ref": null,
          "rendered": Array [
            Object {
              "instance": null,
              "key": null,
              "nodeType": "host",
              "props": Object {
                "children": "Spaghetti",
              },
              "ref": null,
              "rendered": "Spaghetti",
              "type": "h3",
            },
            Object {
              "instance": null,
              "key": null,
              "nodeType": "host",
              "props": Object {
                "children": "Preparation time: 30min, Difficulty: 3/5",
              },
              "ref": null,
              "rendered": "Preparation time: 30min, Difficulty: 3/5",
              "type": "p",
            },
          ],
          "type": "div",
        },
        Object {
          "instance": null,
          "key": null,
          "nodeType": "host",
          "props": Object {
            "children": Array [
              <img
                alt="Like button"
                height="15px"
                name="likes"
                onClick={[Function]}
                src="test-file-stub"
                width="15px"
              />,
              <span
                name="likes"
              >
                4
              </span>,
              <img
                alt="Dislike button"
                height="15px"
                name="dislikes"
                onClick={[Function]}
                src="test-file-stub"
                width="15px"
              />,
              <span
                name="dislikes"
              >
                4
              </span>,
            ],
          },
          "ref": null,
          "rendered": Array [
            Object {
              "instance": null,
              "key": null,
              "nodeType": "host",
              "props": Object {
                "alt": "Like button",
                "height": "15px",
                "name": "likes",
                "onClick": [Function],
                "src": "test-file-stub",
                "width": "15px",
              },
              "ref": null,
              "rendered": null,
              "type": "img",
            },
            Object {
              "instance": null,
              "key": null,
              "nodeType": "host",
              "props": Object {
                "children": 4,
                "name": "likes",
              },
              "ref": null,
              "rendered": 4,
              "type": "span",
            },
            Object {
              "instance": null,
              "key": null,
              "nodeType": "host",
              "props": Object {
                "alt": "Dislike button",
                "height": "15px",
                "name": "dislikes",
                "onClick": [Function],
                "src": "test-file-stub",
                "width": "15px",
              },
              "ref": null,
              "rendered": null,
              "type": "img",
            },
            Object {
              "instance": null,
              "key": null,
              "nodeType": "host",
              "props": Object {
                "children": 4,
                "name": "dislikes",
              },
              "ref": null,
              "rendered": 4,
              "type": "span",
            },
          ],
          "type": "div",
        },
        Object {
          "instance": null,
          "key": null,
          "nodeType": "host",
          "props": Object {
            "children": <button
              onClick={[Function]}
            >
              X
            </button>,
          },
          "ref": null,
          "rendered": Object {
            "instance": null,
            "key": null,
            "nodeType": "host",
            "props": Object {
              "children": "X",
              "onClick": [Function],
            },
            "ref": null,
            "rendered": "X",
            "type": "button",
          },
          "type": "div",
        },
        Object {
          "instance": null,
          "key": null,
          "nodeType": "host",
          "props": Object {
            "children": Array [
              <li>
                one
              </li>,
              <li>
                two
              </li>,
              <li>
                three
              </li>,
              <li>
                four
              </li>,
              <li>
                five
              </li>,
            ],
          },
          "ref": null,
          "rendered": Array [
            Object {
              "instance": null,
              "key": "0",
              "nodeType": "host",
              "props": Object {
                "children": "one",
              },
              "ref": null,
              "rendered": "one",
              "type": "li",
            },
            Object {
              "instance": null,
              "key": "1",
              "nodeType": "host",
              "props": Object {
                "children": "two",
              },
              "ref": null,
              "rendered": "two",
              "type": "li",
            },
            Object {
              "instance": null,
              "key": "2",
              "nodeType": "host",
              "props": Object {
                "children": "three",
              },
              "ref": null,
              "rendered": "three",
              "type": "li",
            },
            Object {
              "instance": null,
              "key": "3",
              "nodeType": "host",
              "props": Object {
                "children": "four",
              },
              "ref": null,
              "rendered": "four",
              "type": "li",
            },
            Object {
              "instance": null,
              "key": "4",
              "nodeType": "host",
              "props": Object {
                "children": "five",
              },
              "ref": null,
              "rendered": "five",
              "type": "li",
            },
          ],
          "type": "ol",
        },
        Object {
          "instance": null,
          "key": null,
          "nodeType": "host",
          "props": Object {
            "children": Array [
              <p>
                step_one
              </p>,
              <p>
                step_two
              </p>,
              <p>
                step_three
              </p>,
              <p>
                step_four
              </p>,
              <p>
                step_five
              </p>,
            ],
          },
          "ref": null,
          "rendered": Array [
            Object {
              "instance": null,
              "key": "0",
              "nodeType": "host",
              "props": Object {
                "children": "step_one",
              },
              "ref": null,
              "rendered": "step_one",
              "type": "p",
            },
            Object {
              "instance": null,
              "key": "1",
              "nodeType": "host",
              "props": Object {
                "children": "step_two",
              },
              "ref": null,
              "rendered": "step_two",
              "type": "p",
            },
            Object {
              "instance": null,
              "key": "2",
              "nodeType": "host",
              "props": Object {
                "children": "step_three",
              },
              "ref": null,
              "rendered": "step_three",
              "type": "p",
            },
            Object {
              "instance": null,
              "key": "3",
              "nodeType": "host",
              "props": Object {
                "children": "step_four",
              },
              "ref": null,
              "rendered": "step_four",
              "type": "p",
            },
            Object {
              "instance": null,
              "key": "4",
              "nodeType": "host",
              "props": Object {
                "children": "step_five",
              },
              "ref": null,
              "rendered": "step_five",
              "type": "p",
            },
          ],
          "type": "div",
        },
        Object {
          "instance": null,
          "key": null,
          "nodeType": "class",
          "props": Object {
            "avatarURL": "",
            "desc": "Preparation time: 30min, Difficulty: 3/5",
            "dislikes": 4,
            "handleRecipe": [Function],
            "ingredients": Array [
              "one",
              "two",
              "three",
              "four",
              "five",
            ],
            "likes": 4,
            "procedure": Array [
              "step_one",
              "step_two",
              "step_three",
              "step_four",
              "step_five",
            ],
            "show": true,
            "title": "Spaghetti",
          },
          "ref": null,
          "rendered": null,
          "type": [Function],
        },
      ],
      "type": "div",
    },
  ],
  Symbol(enzyme.__options__): Object {
    "adapter": ReactFifteenAdapter {
      "options": Object {
        "supportPrevContextArgumentOfComponentDidUpdate": true,
      },
    },
  },
}
`;
